<?xml version="1.0" encoding="UTF-8"?>
<TestRun id="bdcd81d8-5326-45cd-96f6-c733c78c8917" name="Daniel@DANIEL-INSPIRON 2019-02-17 17:24:27" runUser="DANIEL-INSPIRON\Daniel" xmlns="http://microsoft.com/schemas/VisualStudio/TeamTest/2010">
  <TestSettings name="Default Test Settings" id="16cc791b-5ab6-4f59-8d40-5cbd46cc4f5c">
    <Execution>
      <TestTypeSpecific />
      <AgentRule name="Execution Agents">
      </AgentRule>
    </Execution>
    <Deployment runDeploymentRoot="Daniel_DANIEL-INSPIRON 2019-02-17 17_24_27" />
    <Properties />
  </TestSettings>
  <Times creation="2019-02-17T17:24:27.2606382+02:00" queuing="2019-02-17T17:24:27.5458266+02:00" start="2019-02-17T17:24:27.6317533+02:00" finish="2019-02-17T17:24:28.0156950+02:00" />
  <ResultSummary outcome="Completed">
    <Counters total="3" executed="3" passed="3" error="0" failed="0" timeout="0" aborted="0" inconclusive="0" passedButRunAborted="0" notRunnable="0" notExecuted="0" disconnected="0" warning="0" completed="0" inProgress="0" pending="0" />
  </ResultSummary>
  <TestDefinitions>
    <UnitTest name="Add5DoveSoaps" storage="d:\work\inclusivity\shoppingcartdsouchon\unittestproject1\bin\debug\shoppingcartunittest.dll" id="a520bb56-9b50-5cb6-844e-7d426b925bb5">
      <Description>Given:• An empty shopping cart • And a product, Dove Soap with a unit price of 39.99 When: • The user adds 5 Dove Soaps to the shopping cart Then: • The shopping cart should contain 5 Dove Soaps each with a unit price of 39.99 • And the shopping cart’s total price should equal 199.95</Description>
      <Execution id="bd00313b-c55b-4a30-ac31-5dc8f52667c5" />
      <TestMethod codeBase="D:/Work/inclusivity/ShoppingCartDSouchon/UnitTestProject1/bin/Debug/ShoppingCartUnitTest.DLL" adapterTypeName="Microsoft.VisualStudio.TestTools.TestTypes.Unit.UnitTestAdapter, Microsoft.VisualStudio.QualityTools.Tips.UnitTest.Adapter, Version=14.0.0.0, Culture=neutral, PublicKeyToken=b03f5f7f11d50a3a" className="UnitTestProject1.UnitTest1, ShoppingCartUnitTest, Version=1.0.0.0, Culture=neutral, PublicKeyToken=null" name="Add5DoveSoaps" />
    </UnitTest>
    <UnitTest name="Add2DoveSoapsThen2AxeDeosDoTax" storage="d:\work\inclusivity\shoppingcartdsouchon\unittestproject1\bin\debug\shoppingcartunittest.dll" id="eb244288-dd25-2faa-64d7-02e66e4f8fbc">
      <Description>Given: • An empty shopping cart • And a product, Dove Soap with a unit price of 39.99 • And another product, Axe Deo with a unit price of 99.99 • And a tax rate of 12.5% When: • The user adds 2 Dove Soaps to the shopping cart • And then adds 2 Axe Deo’s to the shopping cart Then: • The shopping cart should contain 2 Dove Soaps each with a unit price of 39.99 • And the shopping cart should contain 2 Axe Deo’s each with a unit price of 99.99 • And the total tax amount should equal 35.00 • And the shopping cart’s total price should equal 314.96</Description>
      <Execution id="1a0d0849-2355-4da2-91fb-898746d43687" />
      <TestMethod codeBase="D:/Work/inclusivity/ShoppingCartDSouchon/UnitTestProject1/bin/Debug/ShoppingCartUnitTest.DLL" adapterTypeName="Microsoft.VisualStudio.TestTools.TestTypes.Unit.UnitTestAdapter, Microsoft.VisualStudio.QualityTools.Tips.UnitTest.Adapter, Version=14.0.0.0, Culture=neutral, PublicKeyToken=b03f5f7f11d50a3a" className="UnitTestProject1.UnitTest1, ShoppingCartUnitTest, Version=1.0.0.0, Culture=neutral, PublicKeyToken=null" name="Add2DoveSoapsThen2AxeDeosDoTax" />
    </UnitTest>
    <UnitTest name="Add5DoveSoapsThen3DoveSoaps" storage="d:\work\inclusivity\shoppingcartdsouchon\unittestproject1\bin\debug\shoppingcartunittest.dll" id="e33be7e7-9ddb-689a-c69b-808ac21d0bee">
      <Description>Given:• An empty shopping cart • And a product, Dove Soap with a unit price of 39.99 When: • The user adds 5 Dove Soaps to the shopping cart • And then adds another 3 Dove Soaps to the shopping cart Then: • The shopping cart should contain 8 Dove Soaps each with a unit price of 39.99 • And the shopping cart’s total price should equal 319.92</Description>
      <Execution id="6304e499-5e2f-4b15-9999-8f4e98eb9cf7" />
      <TestMethod codeBase="D:/Work/inclusivity/ShoppingCartDSouchon/UnitTestProject1/bin/Debug/ShoppingCartUnitTest.DLL" adapterTypeName="Microsoft.VisualStudio.TestTools.TestTypes.Unit.UnitTestAdapter, Microsoft.VisualStudio.QualityTools.Tips.UnitTest.Adapter, Version=14.0.0.0, Culture=neutral, PublicKeyToken=b03f5f7f11d50a3a" className="UnitTestProject1.UnitTest1, ShoppingCartUnitTest, Version=1.0.0.0, Culture=neutral, PublicKeyToken=null" name="Add5DoveSoapsThen3DoveSoaps" />
    </UnitTest>
  </TestDefinitions>
  <TestLists>
    <TestList name="Results Not in a List" id="8c84fa94-04c1-424b-9868-57a2d4851a1d" />
    <TestList name="All Loaded Results" id="19431567-8539-422a-85d7-44ee4e166bda" />
  </TestLists>
  <TestEntries>
    <TestEntry testId="eb244288-dd25-2faa-64d7-02e66e4f8fbc" executionId="1a0d0849-2355-4da2-91fb-898746d43687" testListId="8c84fa94-04c1-424b-9868-57a2d4851a1d" />
    <TestEntry testId="a520bb56-9b50-5cb6-844e-7d426b925bb5" executionId="bd00313b-c55b-4a30-ac31-5dc8f52667c5" testListId="8c84fa94-04c1-424b-9868-57a2d4851a1d" />
    <TestEntry testId="e33be7e7-9ddb-689a-c69b-808ac21d0bee" executionId="6304e499-5e2f-4b15-9999-8f4e98eb9cf7" testListId="8c84fa94-04c1-424b-9868-57a2d4851a1d" />
  </TestEntries>
  <Results>
    <UnitTestResult executionId="1a0d0849-2355-4da2-91fb-898746d43687" testId="eb244288-dd25-2faa-64d7-02e66e4f8fbc" testName="Add2DoveSoapsThen2AxeDeosDoTax" computerName="DANIEL-INSPIRON" duration="00:00:00.0138067" startTime="2019-02-17T17:24:27.6629667+02:00" endTime="2019-02-17T17:24:27.9623054+02:00" testType="13cdc9d9-ddb5-4fa4-a97d-d965ccfc6d4b" outcome="Passed" testListId="8c84fa94-04c1-424b-9868-57a2d4851a1d" relativeResultsDirectory="1a0d0849-2355-4da2-91fb-898746d43687">
    </UnitTestResult>
    <UnitTestResult executionId="bd00313b-c55b-4a30-ac31-5dc8f52667c5" testId="a520bb56-9b50-5cb6-844e-7d426b925bb5" testName="Add5DoveSoaps" computerName="DANIEL-INSPIRON" duration="00:00:00.0002334" startTime="2019-02-17T17:24:27.9623054+02:00" endTime="2019-02-17T17:24:27.9623054+02:00" testType="13cdc9d9-ddb5-4fa4-a97d-d965ccfc6d4b" outcome="Passed" testListId="8c84fa94-04c1-424b-9868-57a2d4851a1d" relativeResultsDirectory="bd00313b-c55b-4a30-ac31-5dc8f52667c5">
    </UnitTestResult>
    <UnitTestResult executionId="6304e499-5e2f-4b15-9999-8f4e98eb9cf7" testId="e33be7e7-9ddb-689a-c69b-808ac21d0bee" testName="Add5DoveSoapsThen3DoveSoaps" computerName="DANIEL-INSPIRON" duration="00:00:00.0002074" startTime="2019-02-17T17:24:27.9623054+02:00" endTime="2019-02-17T17:24:27.9779234+02:00" testType="13cdc9d9-ddb5-4fa4-a97d-d965ccfc6d4b" outcome="Passed" testListId="8c84fa94-04c1-424b-9868-57a2d4851a1d" relativeResultsDirectory="6304e499-5e2f-4b15-9999-8f4e98eb9cf7">
    </UnitTestResult>
  </Results>
</TestRun>